------------------------------------------------------------
TimeQuest Timing Analyzer Summary
------------------------------------------------------------

Type  : Slow 1200mV 85C Model Setup 'start'
Slack : -3.089
TNS   : -16.438

Type  : Slow 1200mV 85C Model Setup 'CLK'
Slack : -0.290
TNS   : -0.450

Type  : Slow 1200mV 85C Model Hold 'CLK'
Slack : 0.402
TNS   : 0.000

Type  : Slow 1200mV 85C Model Hold 'start'
Slack : 0.440
TNS   : 0.000

Type  : Slow 1200mV 85C Model Minimum Pulse Width 'CLK'
Slack : -3.000
TNS   : -13.280

Type  : Slow 1200mV 85C Model Minimum Pulse Width 'start'
Slack : -3.000
TNS   : -13.280

Type  : Slow 1200mV 0C Model Setup 'start'
Slack : -2.659
TNS   : -13.955

Type  : Slow 1200mV 0C Model Setup 'CLK'
Slack : -0.174
TNS   : -0.220

Type  : Slow 1200mV 0C Model Hold 'CLK'
Slack : 0.354
TNS   : 0.000

Type  : Slow 1200mV 0C Model Hold 'start'
Slack : 0.387
TNS   : 0.000

Type  : Slow 1200mV 0C Model Minimum Pulse Width 'CLK'
Slack : -3.000
TNS   : -13.280

Type  : Slow 1200mV 0C Model Minimum Pulse Width 'start'
Slack : -3.000
TNS   : -13.280

Type  : Fast 1200mV 0C Model Setup 'start'
Slack : -1.737
TNS   : -9.135

Type  : Fast 1200mV 0C Model Setup 'CLK'
Slack : 0.379
TNS   : 0.000

Type  : Fast 1200mV 0C Model Hold 'CLK'
Slack : 0.182
TNS   : 0.000

Type  : Fast 1200mV 0C Model Hold 'start'
Slack : 0.201
TNS   : 0.000

Type  : Fast 1200mV 0C Model Minimum Pulse Width 'start'
Slack : -3.000
TNS   : -12.269

Type  : Fast 1200mV 0C Model Minimum Pulse Width 'CLK'
Slack : -3.000
TNS   : -11.656

------------------------------------------------------------
