Analysis & Synthesis report for ALU4bit
Mon Nov 06 08:49:22 2017
Quartus II 64-Bit Version 13.0.0 Build 156 04/24/2013 SJ Web Edition


---------------------
; Table of Contents ;
---------------------
  1. Legal Notice
  2. Analysis & Synthesis Summary
  3. Analysis & Synthesis Settings
  4. Parallel Compilation
  5. Analysis & Synthesis Source Files Read
  6. Analysis & Synthesis Resource Usage Summary
  7. Analysis & Synthesis Resource Utilization by Entity
  8. General Register Statistics
  9. Multiplexer Restructuring Statistics (Restructuring Performed)
 10. Port Connectivity Checks: "decrement:comb_6|fulladder:FA12"
 11. Port Connectivity Checks: "decrement:comb_6|fulladder:FA11"
 12. Port Connectivity Checks: "decrement:comb_6|fulladder:FA10"
 13. Port Connectivity Checks: "decrement:comb_6|fulladder:FA9"
 14. Port Connectivity Checks: "decrement:comb_6"
 15. Port Connectivity Checks: "increment:comb_5|fulladder:FA8"
 16. Port Connectivity Checks: "increment:comb_5|fulladder:FA7"
 17. Port Connectivity Checks: "increment:comb_5|fulladder:FA6"
 18. Port Connectivity Checks: "increment:comb_5|fulladder:FA5"
 19. Port Connectivity Checks: "sub:comb_4|part3:comb_3|fulladder:FA1"
 20. Port Connectivity Checks: "sub:comb_4|part3:comb_3|mux4bit2to1:comb_3"
 21. Port Connectivity Checks: "sub:comb_4"
 22. Elapsed Time Per Partition
 23. Analysis & Synthesis Messages



----------------
; Legal Notice ;
----------------
Copyright (C) 1991-2013 Altera Corporation
Your use of Altera Corporation's design tools, logic functions 
and other software and tools, and its AMPP partner logic 
functions, and any output files from any of the foregoing 
(including device programming or simulation files), and any 
associated documentation or information are expressly subject 
to the terms and conditions of the Altera Program License 
Subscription Agreement, Altera MegaCore Function License 
Agreement, or other applicable license agreement, including, 
without limitation, that your use is for the sole purpose of 
programming logic devices manufactured by Altera and sold by 
Altera or its authorized distributors.  Please refer to the 
applicable agreement for further details.



+---------------------------------------------------------------------------------+
; Analysis & Synthesis Summary                                                    ;
+------------------------------------+--------------------------------------------+
; Analysis & Synthesis Status        ; Successful - Mon Nov 06 08:49:22 2017      ;
; Quartus II 64-Bit Version          ; 13.0.0 Build 156 04/24/2013 SJ Web Edition ;
; Revision Name                      ; ALU4bit                                    ;
; Top-level Entity Name              ; ALU4bit                                    ;
; Family                             ; Cyclone IV E                               ;
; Total logic elements               ; 37                                         ;
;     Total combinational functions  ; 37                                         ;
;     Dedicated logic registers      ; 0                                          ;
; Total registers                    ; 0                                          ;
; Total pins                         ; 19                                         ;
; Total virtual pins                 ; 0                                          ;
; Total memory bits                  ; 0                                          ;
; Embedded Multiplier 9-bit elements ; 0                                          ;
; Total PLLs                         ; 0                                          ;
+------------------------------------+--------------------------------------------+


+----------------------------------------------------------------------------------------------------------------------+
; Analysis & Synthesis Settings                                                                                        ;
+----------------------------------------------------------------------------+--------------------+--------------------+
; Option                                                                     ; Setting            ; Default Value      ;
+----------------------------------------------------------------------------+--------------------+--------------------+
; Device                                                                     ; EP4CE115F29C7      ;                    ;
; Top-level entity name                                                      ; ALU4bit            ; ALU4bit            ;
; Family name                                                                ; Cyclone IV E       ; Cyclone IV GX      ;
; Use smart compilation                                                      ; Off                ; Off                ;
; Enable parallel Assembler and TimeQuest Timing Analyzer during compilation ; On                 ; On                 ;
; Enable compact report table                                                ; Off                ; Off                ;
; Restructure Multiplexers                                                   ; Auto               ; Auto               ;
; Create Debugging Nodes for IP Cores                                        ; Off                ; Off                ;
; Preserve fewer node names                                                  ; On                 ; On                 ;
; Disable OpenCore Plus hardware evaluation                                  ; Off                ; Off                ;
; Verilog Version                                                            ; Verilog_2001       ; Verilog_2001       ;
; VHDL Version                                                               ; VHDL_1993          ; VHDL_1993          ;
; State Machine Processing                                                   ; Auto               ; Auto               ;
; Safe State Machine                                                         ; Off                ; Off                ;
; Extract Verilog State Machines                                             ; On                 ; On                 ;
; Extract VHDL State Machines                                                ; On                 ; On                 ;
; Ignore Verilog initial constructs                                          ; Off                ; Off                ;
; Iteration limit for constant Verilog loops                                 ; 5000               ; 5000               ;
; Iteration limit for non-constant Verilog loops                             ; 250                ; 250                ;
; Add Pass-Through Logic to Inferred RAMs                                    ; On                 ; On                 ;
; Infer RAMs from Raw Logic                                                  ; On                 ; On                 ;
; Parallel Synthesis                                                         ; On                 ; On                 ;
; DSP Block Balancing                                                        ; Auto               ; Auto               ;
; NOT Gate Push-Back                                                         ; On                 ; On                 ;
; Power-Up Don't Care                                                        ; On                 ; On                 ;
; Remove Redundant Logic Cells                                               ; Off                ; Off                ;
; Remove Duplicate Registers                                                 ; On                 ; On                 ;
; Ignore CARRY Buffers                                                       ; Off                ; Off                ;
; Ignore CASCADE Buffers                                                     ; Off                ; Off                ;
; Ignore GLOBAL Buffers                                                      ; Off                ; Off                ;
; Ignore ROW GLOBAL Buffers                                                  ; Off                ; Off                ;
; Ignore LCELL Buffers                                                       ; Off                ; Off                ;
; Ignore SOFT Buffers                                                        ; On                 ; On                 ;
; Limit AHDL Integers to 32 Bits                                             ; Off                ; Off                ;
; Optimization Technique                                                     ; Balanced           ; Balanced           ;
; Carry Chain Length                                                         ; 70                 ; 70                 ;
; Auto Carry Chains                                                          ; On                 ; On                 ;
; Auto Open-Drain Pins                                                       ; On                 ; On                 ;
; Perform WYSIWYG Primitive Resynthesis                                      ; Off                ; Off                ;
; Auto ROM Replacement                                                       ; On                 ; On                 ;
; Auto RAM Replacement                                                       ; On                 ; On                 ;
; Auto DSP Block Replacement                                                 ; On                 ; On                 ;
; Auto Shift Register Replacement                                            ; Auto               ; Auto               ;
; Allow Shift Register Merging across Hierarchies                            ; Auto               ; Auto               ;
; Auto Clock Enable Replacement                                              ; On                 ; On                 ;
; Strict RAM Replacement                                                     ; Off                ; Off                ;
; Allow Synchronous Control Signals                                          ; On                 ; On                 ;
; Force Use of Synchronous Clear Signals                                     ; Off                ; Off                ;
; Auto RAM Block Balancing                                                   ; On                 ; On                 ;
; Auto RAM to Logic Cell Conversion                                          ; Off                ; Off                ;
; Auto Resource Sharing                                                      ; Off                ; Off                ;
; Allow Any RAM Size For Recognition                                         ; Off                ; Off                ;
; Allow Any ROM Size For Recognition                                         ; Off                ; Off                ;
; Allow Any Shift Register Size For Recognition                              ; Off                ; Off                ;
; Use LogicLock Constraints during Resource Balancing                        ; On                 ; On                 ;
; Ignore translate_off and synthesis_off directives                          ; Off                ; Off                ;
; Timing-Driven Synthesis                                                    ; On                 ; On                 ;
; Report Parameter Settings                                                  ; On                 ; On                 ;
; Report Source Assignments                                                  ; On                 ; On                 ;
; Report Connectivity Checks                                                 ; On                 ; On                 ;
; Ignore Maximum Fan-Out Assignments                                         ; Off                ; Off                ;
; Synchronization Register Chain Length                                      ; 2                  ; 2                  ;
; PowerPlay Power Optimization                                               ; Normal compilation ; Normal compilation ;
; HDL message level                                                          ; Level2             ; Level2             ;
; Suppress Register Optimization Related Messages                            ; Off                ; Off                ;
; Number of Removed Registers Reported in Synthesis Report                   ; 5000               ; 5000               ;
; Number of Swept Nodes Reported in Synthesis Report                         ; 5000               ; 5000               ;
; Number of Inverted Registers Reported in Synthesis Report                  ; 100                ; 100                ;
; Clock MUX Protection                                                       ; On                 ; On                 ;
; Auto Gated Clock Conversion                                                ; Off                ; Off                ;
; Block Design Naming                                                        ; Auto               ; Auto               ;
; SDC constraint protection                                                  ; Off                ; Off                ;
; Synthesis Effort                                                           ; Auto               ; Auto               ;
; Shift Register Replacement - Allow Asynchronous Clear Signal               ; On                 ; On                 ;
; Pre-Mapping Resynthesis Optimization                                       ; Off                ; Off                ;
; Analysis & Synthesis Message Level                                         ; Medium             ; Medium             ;
; Disable Register Merging Across Hierarchies                                ; Auto               ; Auto               ;
; Resource Aware Inference For Block RAM                                     ; On                 ; On                 ;
; Synthesis Seed                                                             ; 1                  ; 1                  ;
+----------------------------------------------------------------------------+--------------------+--------------------+


Parallel compilation was disabled, but you have multiple processors available. Enable parallel compilation to reduce compilation time.
+-------------------------------------+
; Parallel Compilation                ;
+----------------------------+--------+
; Processors                 ; Number ;
+----------------------------+--------+
; Number detected on machine ; 4      ;
; Maximum allowed            ; 1      ;
+----------------------------+--------+


+-----------------------------------------------------------------------------------------------------------------------------------------------------+
; Analysis & Synthesis Source Files Read                                                                                                              ;
+----------------------------------+-----------------+------------------------+-------------------------------------------------------------+---------+
; File Name with User-Entered Path ; Used in Netlist ; File Type              ; File Name with Absolute Path                                ; Library ;
+----------------------------------+-----------------+------------------------+-------------------------------------------------------------+---------+
; add.v                            ; yes             ; User Verilog HDL File  ; G:/MJIIT sem 3/Digital Signal Design/assigment/add.v        ;         ;
; sub.v                            ; yes             ; User Verilog HDL File  ; G:/MJIIT sem 3/Digital Signal Design/assigment/sub.v        ;         ;
; increment.v                      ; yes             ; User Verilog HDL File  ; G:/MJIIT sem 3/Digital Signal Design/assigment/increment.v  ;         ;
; decrement.v                      ; yes             ; User Verilog HDL File  ; G:/MJIIT sem 3/Digital Signal Design/assigment/decrement.v  ;         ;
; multiply2.v                      ; yes             ; User Verilog HDL File  ; G:/MJIIT sem 3/Digital Signal Design/assigment/multiply2.v  ;         ;
; divide2.v                        ; yes             ; User Verilog HDL File  ; G:/MJIIT sem 3/Digital Signal Design/assigment/divide2.v    ;         ;
; bitwiseAND.v                     ; yes             ; User Verilog HDL File  ; G:/MJIIT sem 3/Digital Signal Design/assigment/bitwiseAND.v ;         ;
; bitwiseOR.v                      ; yes             ; User Verilog HDL File  ; G:/MJIIT sem 3/Digital Signal Design/assigment/bitwiseOR.v  ;         ;
; ALU4bit.v                        ; yes             ; User Verilog HDL File  ; G:/MJIIT sem 3/Digital Signal Design/assigment/ALU4bit.v    ;         ;
+----------------------------------+-----------------+------------------------+-------------------------------------------------------------+---------+


+----------------------------------------------------------+
; Analysis & Synthesis Resource Usage Summary              ;
+---------------------------------------------+------------+
; Resource                                    ; Usage      ;
+---------------------------------------------+------------+
; Estimated Total logic elements              ; 37         ;
;                                             ;            ;
; Total combinational functions               ; 37         ;
; Logic element usage by number of LUT inputs ;            ;
;     -- 4 input functions                    ; 24         ;
;     -- 3 input functions                    ; 10         ;
;     -- <=2 input functions                  ; 3          ;
;                                             ;            ;
; Logic elements by mode                      ;            ;
;     -- normal mode                          ; 37         ;
;     -- arithmetic mode                      ; 0          ;
;                                             ;            ;
; Total registers                             ; 0          ;
;     -- Dedicated logic registers            ; 0          ;
;     -- I/O registers                        ; 0          ;
;                                             ;            ;
; I/O pins                                    ; 19         ;
; Embedded Multiplier 9-bit elements          ; 0          ;
; Maximum fan-out node                        ; M[2]~input ;
; Maximum fan-out                             ; 14         ;
; Total fan-out                               ; 156        ;
; Average fan-out                             ; 2.08       ;
+---------------------------------------------+------------+


+-------------------------------------------------------------------------------------------------------------------------------------------------------------------------------------------+
; Analysis & Synthesis Resource Utilization by Entity                                                                                                                                       ;
+----------------------------+-------------------+--------------+-------------+--------------+---------+-----------+------+--------------+-----------------------------------+--------------+
; Compilation Hierarchy Node ; LC Combinationals ; LC Registers ; Memory Bits ; DSP Elements ; DSP 9x9 ; DSP 18x18 ; Pins ; Virtual Pins ; Full Hierarchy Name               ; Library Name ;
+----------------------------+-------------------+--------------+-------------+--------------+---------+-----------+------+--------------+-----------------------------------+--------------+
; |ALU4bit                   ; 37 (29)           ; 0 (0)        ; 0           ; 0            ; 0       ; 0         ; 19   ; 0            ; |ALU4bit                          ;              ;
;    |add:comb_3|            ; 4 (0)             ; 0 (0)        ; 0           ; 0            ; 0       ; 0         ; 0    ; 0            ; |ALU4bit|add:comb_3               ;              ;
;       |fulladder:FA2|      ; 2 (2)             ; 0 (0)        ; 0           ; 0            ; 0       ; 0         ; 0    ; 0            ; |ALU4bit|add:comb_3|fulladder:FA2 ;              ;
;       |fulladder:FA3|      ; 1 (1)             ; 0 (0)        ; 0           ; 0            ; 0       ; 0         ; 0    ; 0            ; |ALU4bit|add:comb_3|fulladder:FA3 ;              ;
;       |fulladder:FA4|      ; 1 (1)             ; 0 (0)        ; 0           ; 0            ; 0       ; 0         ; 0    ; 0            ; |ALU4bit|add:comb_3|fulladder:FA4 ;              ;
;    |sub:comb_4|            ; 4 (4)             ; 0 (0)        ; 0           ; 0            ; 0       ; 0         ; 0    ; 0            ; |ALU4bit|sub:comb_4               ;              ;
+----------------------------+-------------------+--------------+-------------+--------------+---------+-----------+------+--------------+-----------------------------------+--------------+
Note: For table entries with two numbers listed, the numbers in parentheses indicate the number of resources of the given type used by the specific entity alone. The numbers listed outside of parentheses indicate the total resources of the given type used by the specific entity and all of its sub-entities in the hierarchy.


+------------------------------------------------------+
; General Register Statistics                          ;
+----------------------------------------------+-------+
; Statistic                                    ; Value ;
+----------------------------------------------+-------+
; Total registers                              ; 0     ;
; Number of registers using Synchronous Clear  ; 0     ;
; Number of registers using Synchronous Load   ; 0     ;
; Number of registers using Asynchronous Clear ; 0     ;
; Number of registers using Asynchronous Load  ; 0     ;
; Number of registers using Clock Enable       ; 0     ;
; Number of registers using Preset             ; 0     ;
+----------------------------------------------+-------+


+------------------------------------------------------------------------------------------------------------------------------------------+
; Multiplexer Restructuring Statistics (Restructuring Performed)                                                                           ;
+--------------------+-----------+---------------+----------------------+------------------------+------------+----------------------------+
; Multiplexer Inputs ; Bus Width ; Baseline Area ; Area if Restructured ; Saving if Restructured ; Registered ; Example Multiplexer Output ;
+--------------------+-----------+---------------+----------------------+------------------------+------------+----------------------------+
; 9:1                ; 2 bits    ; 12 LEs        ; 10 LEs               ; 2 LEs                  ; No         ; |ALU4bit|F                 ;
+--------------------+-----------+---------------+----------------------+------------------------+------------+----------------------------+


+---------------------------------------------------------------------------------------------------------------------------------------------------------------------------------------------------------------+
; Port Connectivity Checks: "decrement:comb_6|fulladder:FA12"                                                                                                                                                   ;
+-------+-------+----------+------------------------------------------------------------------------------------------------------------------------------------------------------------------------------------+
; Port  ; Type  ; Severity ; Details                                                                                                                                                                            ;
+-------+-------+----------+------------------------------------------------------------------------------------------------------------------------------------------------------------------------------------+
; b     ; Input ; Warning  ; Input port expression (32 bits) is wider than the input port (1 bits) it drives.  The 31 most-significant bit(s) in the expression will be dangling if they have no other fanouts. ;
; b[-1] ; Input ; Info     ; Stuck at VCC                                                                                                                                                                       ;
+-------+-------+----------+------------------------------------------------------------------------------------------------------------------------------------------------------------------------------------+


+---------------------------------------------------------------------------------------------------------------------------------------------------------------------------------------------------------------+
; Port Connectivity Checks: "decrement:comb_6|fulladder:FA11"                                                                                                                                                   ;
+-------+-------+----------+------------------------------------------------------------------------------------------------------------------------------------------------------------------------------------+
; Port  ; Type  ; Severity ; Details                                                                                                                                                                            ;
+-------+-------+----------+------------------------------------------------------------------------------------------------------------------------------------------------------------------------------------+
; b     ; Input ; Warning  ; Input port expression (32 bits) is wider than the input port (1 bits) it drives.  The 31 most-significant bit(s) in the expression will be dangling if they have no other fanouts. ;
; b[-1] ; Input ; Info     ; Stuck at VCC                                                                                                                                                                       ;
+-------+-------+----------+------------------------------------------------------------------------------------------------------------------------------------------------------------------------------------+


+---------------------------------------------------------------------------------------------------------------------------------------------------------------------------------------------------------------+
; Port Connectivity Checks: "decrement:comb_6|fulladder:FA10"                                                                                                                                                   ;
+-------+-------+----------+------------------------------------------------------------------------------------------------------------------------------------------------------------------------------------+
; Port  ; Type  ; Severity ; Details                                                                                                                                                                            ;
+-------+-------+----------+------------------------------------------------------------------------------------------------------------------------------------------------------------------------------------+
; b     ; Input ; Warning  ; Input port expression (32 bits) is wider than the input port (1 bits) it drives.  The 31 most-significant bit(s) in the expression will be dangling if they have no other fanouts. ;
; b[-1] ; Input ; Info     ; Stuck at VCC                                                                                                                                                                       ;
+-------+-------+----------+------------------------------------------------------------------------------------------------------------------------------------------------------------------------------------+


+----------------------------------------------------------------------------------------------------------------------------------------------------------------------------------------------------------------+
; Port Connectivity Checks: "decrement:comb_6|fulladder:FA9"                                                                                                                                                     ;
+--------+-------+----------+------------------------------------------------------------------------------------------------------------------------------------------------------------------------------------+
; Port   ; Type  ; Severity ; Details                                                                                                                                                                            ;
+--------+-------+----------+------------------------------------------------------------------------------------------------------------------------------------------------------------------------------------+
; ci     ; Input ; Warning  ; Input port expression (32 bits) is wider than the input port (1 bits) it drives.  The 31 most-significant bit(s) in the expression will be dangling if they have no other fanouts. ;
; ci[-1] ; Input ; Info     ; Stuck at GND                                                                                                                                                                       ;
; b      ; Input ; Warning  ; Input port expression (32 bits) is wider than the input port (1 bits) it drives.  The 31 most-significant bit(s) in the expression will be dangling if they have no other fanouts. ;
; b[-1]  ; Input ; Info     ; Stuck at VCC                                                                                                                                                                       ;
+--------+-------+----------+------------------------------------------------------------------------------------------------------------------------------------------------------------------------------------+


+---------------------------------------------------------------------------------------------------------------------------------------------------+
; Port Connectivity Checks: "decrement:comb_6"                                                                                                      ;
+------+--------+----------+------------------------------------------------------------------------------------------------------------------------+
; Port ; Type   ; Severity ; Details                                                                                                                ;
+------+--------+----------+------------------------------------------------------------------------------------------------------------------------+
; dec  ; Output ; Warning  ; Output or bidir port (5 bits) is wider than the port expression (4 bits) it drives; bit(s) "dec[4..4]" have no fanouts ;
+------+--------+----------+------------------------------------------------------------------------------------------------------------------------+


+---------------------------------------------------------------------------------------------------------------------------------------------------------------------------------------------------------------+
; Port Connectivity Checks: "increment:comb_5|fulladder:FA8"                                                                                                                                                    ;
+-------+-------+----------+------------------------------------------------------------------------------------------------------------------------------------------------------------------------------------+
; Port  ; Type  ; Severity ; Details                                                                                                                                                                            ;
+-------+-------+----------+------------------------------------------------------------------------------------------------------------------------------------------------------------------------------------+
; b     ; Input ; Warning  ; Input port expression (32 bits) is wider than the input port (1 bits) it drives.  The 31 most-significant bit(s) in the expression will be dangling if they have no other fanouts. ;
; b[-1] ; Input ; Info     ; Stuck at GND                                                                                                                                                                       ;
+-------+-------+----------+------------------------------------------------------------------------------------------------------------------------------------------------------------------------------------+


+---------------------------------------------------------------------------------------------------------------------------------------------------------------------------------------------------------------+
; Port Connectivity Checks: "increment:comb_5|fulladder:FA7"                                                                                                                                                    ;
+-------+-------+----------+------------------------------------------------------------------------------------------------------------------------------------------------------------------------------------+
; Port  ; Type  ; Severity ; Details                                                                                                                                                                            ;
+-------+-------+----------+------------------------------------------------------------------------------------------------------------------------------------------------------------------------------------+
; b     ; Input ; Warning  ; Input port expression (32 bits) is wider than the input port (1 bits) it drives.  The 31 most-significant bit(s) in the expression will be dangling if they have no other fanouts. ;
; b[-1] ; Input ; Info     ; Stuck at GND                                                                                                                                                                       ;
+-------+-------+----------+------------------------------------------------------------------------------------------------------------------------------------------------------------------------------------+


+---------------------------------------------------------------------------------------------------------------------------------------------------------------------------------------------------------------+
; Port Connectivity Checks: "increment:comb_5|fulladder:FA6"                                                                                                                                                    ;
+-------+-------+----------+------------------------------------------------------------------------------------------------------------------------------------------------------------------------------------+
; Port  ; Type  ; Severity ; Details                                                                                                                                                                            ;
+-------+-------+----------+------------------------------------------------------------------------------------------------------------------------------------------------------------------------------------+
; b     ; Input ; Warning  ; Input port expression (32 bits) is wider than the input port (1 bits) it drives.  The 31 most-significant bit(s) in the expression will be dangling if they have no other fanouts. ;
; b[-1] ; Input ; Info     ; Stuck at GND                                                                                                                                                                       ;
+-------+-------+----------+------------------------------------------------------------------------------------------------------------------------------------------------------------------------------------+


+----------------------------------------------------------------------------------------------------------------------------------------------------------------------------------------------------------------+
; Port Connectivity Checks: "increment:comb_5|fulladder:FA5"                                                                                                                                                     ;
+--------+-------+----------+------------------------------------------------------------------------------------------------------------------------------------------------------------------------------------+
; Port   ; Type  ; Severity ; Details                                                                                                                                                                            ;
+--------+-------+----------+------------------------------------------------------------------------------------------------------------------------------------------------------------------------------------+
; ci     ; Input ; Warning  ; Input port expression (32 bits) is wider than the input port (1 bits) it drives.  The 31 most-significant bit(s) in the expression will be dangling if they have no other fanouts. ;
; ci[-1] ; Input ; Info     ; Stuck at GND                                                                                                                                                                       ;
; b      ; Input ; Warning  ; Input port expression (32 bits) is wider than the input port (1 bits) it drives.  The 31 most-significant bit(s) in the expression will be dangling if they have no other fanouts. ;
; b[-1]  ; Input ; Info     ; Stuck at GND                                                                                                                                                                       ;
+--------+-------+----------+------------------------------------------------------------------------------------------------------------------------------------------------------------------------------------+


+----------------------------------------------------------------------------------------------------------------------------------------------------------------------------------------------------------------+
; Port Connectivity Checks: "sub:comb_4|part3:comb_3|fulladder:FA1"                                                                                                                                              ;
+--------+-------+----------+------------------------------------------------------------------------------------------------------------------------------------------------------------------------------------+
; Port   ; Type  ; Severity ; Details                                                                                                                                                                            ;
+--------+-------+----------+------------------------------------------------------------------------------------------------------------------------------------------------------------------------------------+
; ci     ; Input ; Warning  ; Input port expression (32 bits) is wider than the input port (1 bits) it drives.  The 31 most-significant bit(s) in the expression will be dangling if they have no other fanouts. ;
; ci[-1] ; Input ; Info     ; Stuck at GND                                                                                                                                                                       ;
+--------+-------+----------+------------------------------------------------------------------------------------------------------------------------------------------------------------------------------------+


+---------------------------------------------------------------------------------------------------------------------------------------------------------------------+
; Port Connectivity Checks: "sub:comb_4|part3:comb_3|mux4bit2to1:comb_3"                                                                                              ;
+------+-------+----------+-------------------------------------------------------------------------------------------------------------------------------------------+
; Port ; Type  ; Severity ; Details                                                                                                                                   ;
+------+-------+----------+-------------------------------------------------------------------------------------------------------------------------------------------+
; B    ; Input ; Warning  ; Input port expression (1 bits) is smaller than the input port (4 bits) it drives.  Extra input bit(s) "B[3..1]" will be connected to GND. ;
+------+-------+----------+-------------------------------------------------------------------------------------------------------------------------------------------+


+----------------------------------------------------------------------------------------------------------------------------------------------------+
; Port Connectivity Checks: "sub:comb_4"                                                                                                             ;
+------+--------+----------+-------------------------------------------------------------------------------------------------------------------------+
; Port ; Type   ; Severity ; Details                                                                                                                 ;
+------+--------+----------+-------------------------------------------------------------------------------------------------------------------------+
; LEDR ; Output ; Warning  ; Output or bidir port (8 bits) is wider than the port expression (1 bits) it drives; bit(s) "LEDR[7..1]" have no fanouts ;
; LEDR ; Output ; Info     ; Connected to dangling logic. Logic that only feeds a dangling port will be removed.                                     ;
+------+--------+----------+-------------------------------------------------------------------------------------------------------------------------+


+-------------------------------+
; Elapsed Time Per Partition    ;
+----------------+--------------+
; Partition Name ; Elapsed Time ;
+----------------+--------------+
; Top            ; 00:00:00     ;
+----------------+--------------+


+-------------------------------+
; Analysis & Synthesis Messages ;
+-------------------------------+
Info: *******************************************************************
Info: Running Quartus II 64-Bit Analysis & Synthesis
    Info: Version 13.0.0 Build 156 04/24/2013 SJ Web Edition
    Info: Processing started: Mon Nov 06 08:49:20 2017
Info: Command: quartus_map --read_settings_files=on --write_settings_files=off ALU4bit -c ALU4bit
Warning (20028): Parallel compilation is not licensed and has been disabled
Info (12021): Found 2 design units, including 2 entities, in source file add.v
    Info (12023): Found entity 1: add
    Info (12023): Found entity 2: fulladder
Info (12021): Found 5 design units, including 5 entities, in source file sub.v
    Info (12023): Found entity 1: sub
    Info (12023): Found entity 2: part3
    Info (12023): Found entity 3: mux2to1
    Info (12023): Found entity 4: mux4bit2to1
    Info (12023): Found entity 5: twoscompl
Info (12021): Found 1 design units, including 1 entities, in source file increment.v
    Info (12023): Found entity 1: increment
Info (12021): Found 1 design units, including 1 entities, in source file decrement.v
    Info (12023): Found entity 1: decrement
Info (12021): Found 1 design units, including 1 entities, in source file multiply2.v
    Info (12023): Found entity 1: multiply2
Info (12021): Found 1 design units, including 1 entities, in source file divide2.v
    Info (12023): Found entity 1: divide2
Info (12021): Found 1 design units, including 1 entities, in source file bitwiseand.v
    Info (12023): Found entity 1: bitwiseAND
Info (12021): Found 1 design units, including 1 entities, in source file bitwiseor.v
    Info (12023): Found entity 1: bitwiseOR
Info (12021): Found 1 design units, including 1 entities, in source file alu4bit.v
    Info (12023): Found entity 1: ALU4bit
Warning (10236): Verilog HDL Implicit Net warning at sub.v(29): created implicit net for "sub"
Warning (10236): Verilog HDL Implicit Net warning at sub.v(29): created implicit net for "B"
Warning (10236): Verilog HDL Implicit Net warning at ALU4bit.v(11): created implicit net for "ci"
Warning (10236): Verilog HDL Implicit Net warning at ALU4bit.v(12): created implicit net for "LEDR"
Critical Warning (10846): Verilog HDL Instantiation warning at sub.v(60): instance has no name
Critical Warning (10846): Verilog HDL Instantiation warning at sub.v(29): instance has no name
Critical Warning (10846): Verilog HDL Instantiation warning at sub.v(9): instance has no name
Critical Warning (10846): Verilog HDL Instantiation warning at ALU4bit.v(11): instance has no name
Critical Warning (10846): Verilog HDL Instantiation warning at ALU4bit.v(12): instance has no name
Critical Warning (10846): Verilog HDL Instantiation warning at ALU4bit.v(13): instance has no name
Critical Warning (10846): Verilog HDL Instantiation warning at ALU4bit.v(14): instance has no name
Critical Warning (10846): Verilog HDL Instantiation warning at ALU4bit.v(15): instance has no name
Critical Warning (10846): Verilog HDL Instantiation warning at ALU4bit.v(16): instance has no name
Critical Warning (10846): Verilog HDL Instantiation warning at ALU4bit.v(17): instance has no name
Critical Warning (10846): Verilog HDL Instantiation warning at ALU4bit.v(18): instance has no name
Info (12127): Elaborating entity "ALU4bit" for the top level hierarchy
Info (12128): Elaborating entity "add" for hierarchy "add:comb_3"
Info (12128): Elaborating entity "fulladder" for hierarchy "add:comb_3|fulladder:FA1"
Info (12128): Elaborating entity "sub" for hierarchy "sub:comb_4"
Warning (10235): Verilog HDL Always Construct warning at sub.v(12): variable "B" is read inside the Always Construct but isn't in the Always Construct's Event Control
Warning (10235): Verilog HDL Always Construct warning at sub.v(12): variable "A" is read inside the Always Construct but isn't in the Always Construct's Event Control
Warning (10230): Verilog HDL assignment warning at sub.v(13): truncated value with size 32 to match size of target (5)
Info (12128): Elaborating entity "part3" for hierarchy "sub:comb_4|part3:comb_3"
Info (12128): Elaborating entity "mux4bit2to1" for hierarchy "sub:comb_4|part3:comb_3|mux4bit2to1:comb_3"
Info (12128): Elaborating entity "twoscompl" for hierarchy "sub:comb_4|part3:comb_3|mux4bit2to1:comb_3|twoscompl:comb_3"
Warning (10230): Verilog HDL assignment warning at sub.v(76): truncated value with size 32 to match size of target (4)
Info (12128): Elaborating entity "mux2to1" for hierarchy "sub:comb_4|part3:comb_3|mux4bit2to1:comb_3|mux2to1:m0"
Info (12128): Elaborating entity "increment" for hierarchy "increment:comb_5"
Info (12128): Elaborating entity "decrement" for hierarchy "decrement:comb_6"
Info (12128): Elaborating entity "multiply2" for hierarchy "multiply2:comb_7"
Warning (10230): Verilog HDL assignment warning at multiply2.v(6): truncated value with size 32 to match size of target (8)
Info (12128): Elaborating entity "divide2" for hierarchy "divide2:comb_8"
Warning (10230): Verilog HDL assignment warning at divide2.v(6): truncated value with size 32 to match size of target (4)
Info (12128): Elaborating entity "bitwiseAND" for hierarchy "bitwiseAND:comb_9"
Info (12128): Elaborating entity "bitwiseOR" for hierarchy "bitwiseOR:comb_10"
Warning (12241): 12 hierarchies have connectivity warnings - see the Connectivity Checks report folder
Warning (13024): Output pins are stuck at VCC or GND
    Warning (13410): Pin "F[5]" is stuck at GND
    Warning (13410): Pin "F[6]" is stuck at GND
    Warning (13410): Pin "F[7]" is stuck at GND
Info (286030): Timing-Driven Synthesis is running
Info (16010): Generating hard_block partition "hard_block:auto_generated_inst"
    Info (16011): Adding 0 node(s), including 0 DDIO, 0 PLL, 0 transceiver and 0 LCELL
Info (21057): Implemented 56 device resources after synthesis - the final resource count might be different
    Info (21058): Implemented 11 input pins
    Info (21059): Implemented 8 output pins
    Info (21061): Implemented 37 logic cells
Info: Quartus II 64-Bit Analysis & Synthesis was successful. 0 errors, 27 warnings
    Info: Peak virtual memory: 472 megabytes
    Info: Processing ended: Mon Nov 06 08:49:23 2017
    Info: Elapsed time: 00:00:03
    Info: Total CPU time (on all processors): 00:00:02


